0 verbose cli C:\Program Files\nodejs\node.exe C:\Program Files\nodejs\node_modules\npm\bin\npm-cli.js
1 info using npm@10.9.2
2 info using node@v22.15.1
3 silly config load:file:C:\Program Files\nodejs\node_modules\npm\npmrc
4 silly config load:file:C:\project\next-goal-dashboard\.npmrc
5 silly config load:file:C:\Users\rakib\.npmrc
6 silly config load:file:C:\Users\rakib\npm-global\etc\npmrc
7 verbose title npm install react-redux
8 verbose argv "install" "react-redux"
9 verbose logfile logs-max:10 dir:C:\project\next-goal-dashboard\UsersmynameAppDataRoamingnpm-cache\_logs\2025-11-19T04_15_36_121Z-
10 verbose logfile C:\project\next-goal-dashboard\UsersmynameAppDataRoamingnpm-cache\_logs\2025-11-19T04_15_36_121Z-debug-0.log
11 silly logfile start cleaning logs, removing 1 files
12 silly packumentCache heap:4345298944 maxSize:1086324736 maxEntrySize:543162368
13 silly logfile done cleaning log files
14 silly idealTree buildDeps
15 silly fetch manifest react-redux@*
16 silly packumentCache full:https://registry.npmjs.org/react-redux cache-miss
17 http cache https://registry.npmjs.org/react-redux 93ms (cache hit)
18 silly packumentCache full:https://registry.npmjs.org/react-redux set size:578468 disposed:false
19 silly fetch manifest @types/react@^19
20 silly packumentCache full:https://registry.npmjs.org/@types%2freact cache-miss
21 http cache https://registry.npmjs.org/@types%2freact 8ms (cache hit)
22 silly packumentCache full:https://registry.npmjs.org/@types%2freact set size:2537352 disposed:false
23 silly fetch manifest react@^19.0.0
24 silly packumentCache full:https://registry.npmjs.org/react cache-miss
25 http cache https://registry.npmjs.org/react 14ms (cache hit)
26 silly packumentCache full:https://registry.npmjs.org/react set size:6272019 disposed:false
27 silly fetch manifest redux@^5.0.0
28 silly packumentCache full:https://registry.npmjs.org/redux cache-miss
29 http cache https://registry.npmjs.org/redux 5ms (cache hit)
30 silly packumentCache full:https://registry.npmjs.org/redux set size:553833 disposed:false
31 silly placeDep ROOT react-redux@9.2.0 OK for: free-nextjs-admin-dashboard@2.0.2 want: *
32 silly placeDep ROOT redux@5.0.1 REPLACE for: react-redux@9.2.0 want: ^5.0.0
33 silly fetch manifest @types/use-sync-external-store@^0.0.6
34 silly packumentCache full:https://registry.npmjs.org/@types%2fuse-sync-external-store cache-miss
35 silly fetch manifest use-sync-external-store@^1.4.0
36 silly packumentCache full:https://registry.npmjs.org/use-sync-external-store cache-miss
37 http fetch GET 200 https://registry.npmjs.org/use-sync-external-store 248ms (cache miss)
38 silly packumentCache full:https://registry.npmjs.org/use-sync-external-store set size:undefined disposed:false
39 http fetch GET 200 https://registry.npmjs.org/@types%2fuse-sync-external-store 364ms (cache miss)
40 silly packumentCache full:https://registry.npmjs.org/@types%2fuse-sync-external-store set size:undefined disposed:false
41 silly fetch manifest redux@^4.2.0
42 silly packumentCache full:https://registry.npmjs.org/redux cache-hit
43 silly placeDep node_modules/dnd-core redux@4.2.1 OK for: dnd-core@16.0.1 want: ^4.2.0
44 silly fetch manifest react@^18.0 || ^19
45 silly packumentCache full:https://registry.npmjs.org/react cache-miss
46 http cache https://registry.npmjs.org/react 13ms (cache hit)
47 silly packumentCache full:https://registry.npmjs.org/react set size:6272019 disposed:false
48 silly placeDep ROOT @types/use-sync-external-store@0.0.6 OK for: react-redux@9.2.0 want: ^0.0.6
49 silly placeDep ROOT use-sync-external-store@1.6.0 OK for: react-redux@9.2.0 want: ^1.4.0
50 silly reify mark retired [
50 silly reify   'C:\\project\\next-goal-dashboard\\node_modules\\@reduxjs\\toolkit\\node_modules\\redux'
50 silly reify ]
51 silly reify mark retired [ 'C:\\project\\next-goal-dashboard\\node_modules\\redux' ]
52 silly reify moves {
52 silly reify   'C:\\project\\next-goal-dashboard\\node_modules\\@reduxjs\\toolkit\\node_modules\\redux': 'C:\\project\\next-goal-dashboard\\node_modules\\@reduxjs\\toolkit\\node_modules\\.redux-GmjQALGb',
52 silly reify   'C:\\project\\next-goal-dashboard\\node_modules\\redux': 'C:\\project\\next-goal-dashboard\\node_modules\\.redux-ImggLeC0'
52 silly reify }
53 silly audit bulk request {
53 silly audit   '@alloc/quick-lru': [ '5.2.0' ],
53 silly audit   '@ampproject/remapping': [ '2.3.0' ],
53 silly audit   '@babel/code-frame': [ '7.26.2' ],
53 silly audit   '@babel/compat-data': [ '7.26.8' ],
53 silly audit   '@babel/core': [ '7.26.10' ],
53 silly audit   '@babel/generator': [ '7.27.0' ],
53 silly audit   '@babel/helper-annotate-as-pure': [ '7.25.9' ],
53 silly audit   '@babel/helper-compilation-targets': [ '7.27.0' ],
53 silly audit   '@babel/helper-create-class-features-plugin': [ '7.27.0' ],
53 silly audit   '@babel/helper-create-regexp-features-plugin': [ '7.27.0' ],
53 silly audit   '@babel/helper-define-polyfill-provider': [ '0.6.4' ],
53 silly audit   '@babel/helper-member-expression-to-functions': [ '7.25.9' ],
53 silly audit   '@babel/helper-module-imports': [ '7.25.9' ],
53 silly audit   '@babel/helper-module-transforms': [ '7.26.0' ],
53 silly audit   '@babel/helper-optimise-call-expression': [ '7.25.9' ],
53 silly audit   '@babel/helper-plugin-utils': [ '7.26.5' ],
53 silly audit   '@babel/helper-remap-async-to-generator': [ '7.25.9' ],
53 silly audit   '@babel/helper-replace-supers': [ '7.26.5' ],
53 silly audit   '@babel/helper-skip-transparent-expression-wrappers': [ '7.25.9' ],
53 silly audit   '@babel/helper-string-parser': [ '7.25.9' ],
53 silly audit   '@babel/helper-validator-identifier': [ '7.25.9' ],
53 silly audit   '@babel/helper-validator-option': [ '7.25.9' ],
53 silly audit   '@babel/helper-wrap-function': [ '7.25.9' ],
53 silly audit   '@babel/helpers': [ '7.27.0' ],
53 silly audit   '@babel/parser': [ '7.27.0' ],
53 silly audit   '@babel/plugin-bugfix-firefox-class-in-computed-class-key': [ '7.25.9' ],
53 silly audit   '@babel/plugin-bugfix-safari-class-field-initializer-scope': [ '7.25.9' ],
53 silly audit   '@babel/plugin-bugfix-safari-id-destructuring-collision-in-function-expression': [ '7.25.9' ],
53 silly audit   '@babel/plugin-bugfix-v8-spread-parameters-in-optional-chaining': [ '7.25.9' ],
53 silly audit   '@babel/plugin-bugfix-v8-static-class-fields-redefine-readonly': [ '7.25.9' ],
53 silly audit   '@babel/plugin-proposal-private-property-in-object': [ '7.21.0-placeholder-for-preset-env.2' ],
53 silly audit   '@babel/plugin-syntax-import-assertions': [ '7.26.0' ],
53 silly audit   '@babel/plugin-syntax-import-attributes': [ '7.26.0' ],
53 silly audit   '@babel/plugin-syntax-jsx': [ '7.25.9' ],
53 silly audit   '@babel/plugin-syntax-typescript': [ '7.25.9' ],
53 silly audit   '@babel/plugin-syntax-unicode-sets-regex': [ '7.18.6' ],
53 silly audit   '@babel/plugin-transform-arrow-functions': [ '7.25.9' ],
53 silly audit   '@babel/plugin-transform-async-generator-functions': [ '7.26.8' ],
53 silly audit   '@babel/plugin-transform-async-to-generator': [ '7.25.9' ],
53 silly audit   '@babel/plugin-transform-block-scoped-functions': [ '7.26.5' ],
53 silly audit   '@babel/plugin-transform-block-scoping': [ '7.27.0' ],
53 silly audit   '@babel/plugin-transform-class-properties': [ '7.25.9' ],
53 silly audit   '@babel/plugin-transform-class-static-block': [ '7.26.0' ],
53 silly audit   '@babel/plugin-transform-classes': [ '7.25.9' ],
53 silly audit   globals: [ '11.12.0', '14.0.0' ],
53 silly audit   '@babel/plugin-transform-computed-properties': [ '7.25.9' ],
53 silly audit   '@babel/plugin-transform-destructuring': [ '7.25.9' ],
53 silly audit   '@babel/plugin-transform-dotall-regex': [ '7.25.9' ],
53 silly audit   '@babel/plugin-transform-duplicate-keys': [ '7.25.9' ],
53 silly audit   '@babel/plugin-transform-duplicate-named-capturing-groups-regex': [ '7.25.9' ],
53 silly audit   '@babel/plugin-transform-dynamic-import': [ '7.25.9' ],
53 silly audit   '@babel/plugin-transform-exponentiation-operator': [ '7.26.3' ],
53 silly audit   '@babel/plugin-transform-export-namespace-from': [ '7.25.9' ],
53 silly audit   '@babel/plugin-transform-for-of': [ '7.26.9' ],
53 silly audit   '@babel/plugin-transform-function-name': [ '7.25.9' ],
53 silly audit   '@babel/plugin-transform-json-strings': [ '7.25.9' ],
53 silly audit   '@babel/plugin-transform-literals': [ '7.25.9' ],
53 silly audit   '@babel/plugin-transform-logical-assignment-operators': [ '7.25.9' ],
53 silly audit   '@babel/plugin-transform-member-expression-literals': [ '7.25.9' ],
53 silly audit   '@babel/plugin-transform-modules-amd': [ '7.25.9' ],
53 silly audit   '@babel/plugin-transform-modules-commonjs': [ '7.26.3' ],
53 silly audit   '@babel/plugin-transform-modules-systemjs': [ '7.25.9' ],
53 silly audit   '@babel/plugin-transform-modules-umd': [ '7.25.9' ],
53 silly audit   '@babel/plugin-transform-named-capturing-groups-regex': [ '7.25.9' ],
53 silly audit   '@babel/plugin-transform-new-target': [ '7.25.9' ],
53 silly audit   '@babel/plugin-transform-nullish-coalescing-operator': [ '7.26.6' ],
53 silly audit   '@babel/plugin-transform-numeric-separator': [ '7.25.9' ],
53 silly audit   '@babel/plugin-transform-object-rest-spread': [ '7.25.9' ],
53 silly audit   '@babel/plugin-transform-object-super': [ '7.25.9' ],
53 silly audit   '@babel/plugin-transform-optional-catch-binding': [ '7.25.9' ],
53 silly audit   '@babel/plugin-transform-optional-chaining': [ '7.25.9' ],
53 silly audit   '@babel/plugin-transform-parameters': [ '7.25.9' ],
53 silly audit   '@babel/plugin-transform-private-methods': [ '7.25.9' ],
53 silly audit   '@babel/plugin-transform-private-property-in-object': [ '7.25.9' ],
53 silly audit   '@babel/plugin-transform-property-literals': [ '7.25.9' ],
53 silly audit   '@babel/plugin-transform-react-constant-elements': [ '7.25.9' ],
53 silly audit   '@babel/plugin-transform-react-display-name': [ '7.25.9' ],
53 silly audit   '@babel/plugin-transform-react-jsx': [ '7.25.9' ],
53 silly audit   '@babel/plugin-transform-react-jsx-development': [ '7.25.9' ],
53 silly audit   '@babel/plugin-transform-react-pure-annotations': [ '7.25.9' ],
53 silly audit   '@babel/plugin-transform-regenerator': [ '7.27.0' ],
53 silly audit   '@babel/plugin-transform-regexp-modifiers': [ '7.26.0' ],
53 silly audit   '@babel/plugin-transform-reserved-words': [ '7.25.9' ],
53 silly audit   '@babel/plugin-transform-shorthand-properties': [ '7.25.9' ],
53 silly audit   '@babel/plugin-transform-spread': [ '7.25.9' ],
53 silly audit   '@babel/plugin-transform-sticky-regex': [ '7.25.9' ],
53 silly audit   '@babel/plugin-transform-template-literals': [ '7.26.8' ],
53 silly audit   '@babel/plugin-transform-typeof-symbol': [ '7.27.0' ],
53 silly audit   '@babel/plugin-transform-typescript': [ '7.27.0' ],
53 silly audit   '@babel/plugin-transform-unicode-escapes': [ '7.25.9' ],
53 silly audit   '@babel/plugin-transform-unicode-property-regex': [ '7.25.9' ],
53 silly audit   '@babel/plugin-transform-unicode-regex': [ '7.25.9' ],
53 silly audit   '@babel/plugin-transform-unicode-sets-regex': [ '7.25.9' ],
53 silly audit   '@babel/preset-env': [ '7.26.9' ],
53 silly audit   '@babel/preset-modules': [ '0.1.6-no-external-plugins' ],
53 silly audit   '@babel/preset-react': [ '7.26.3' ],
53 silly audit   '@babel/preset-typescript': [ '7.27.0' ],
53 silly audit   '@babel/runtime': [ '7.27.0' ],
53 silly audit   '@babel/template': [ '7.27.0' ],
53 silly audit   '@babel/traverse': [ '7.27.0' ],
53 silly audit   '@babel/types': [ '7.27.0' ],
53 silly audit   '@emnapi/core': [ '1.3.1' ],
53 silly audit   '@emnapi/runtime': [ '1.3.1' ],
53 silly audit   '@emnapi/wasi-threads': [ '1.0.1' ],
53 silly audit   '@emotion/is-prop-valid': [ '1.2.2' ],
53 silly audit   '@emotion/memoize': [ '0.8.1' ],
53 silly audit   '@emotion/unitless': [ '0.8.1' ],
53 silly audit   '@eslint-community/eslint-utils': [ '4.5.1' ],
53 silly audit   'eslint-visitor-keys': [ '3.4.3', '4.2.0' ],
53 silly audit   '@eslint-community/regexpp': [ '4.12.1' ],
53 silly audit   '@eslint/config-array': [ '0.19.2' ],
53 silly audit   '@eslint/config-helpers': [ '0.2.0' ],
53 silly audit   '@eslint/core': [ '0.12.0' ],
53 silly audit   '@eslint/eslintrc': [ '3.3.1' ],
53 silly audit   '@eslint/js': [ '9.23.0' ],
53 silly audit   '@eslint/object-schema': [ '2.1.6' ],
53 silly audit   '@eslint/plugin-kit': [ '0.2.7' ],
53 silly audit   '@fullcalendar/core': [ '6.1.15' ],
53 silly audit   '@fullcalendar/daygrid': [ '6.1.15' ],
53 silly audit   '@fullcalendar/interaction': [ '6.1.15' ],
53 silly audit   '@fullcalendar/list': [ '6.1.15' ],
53 silly audit   '@fullcalendar/react': [ '6.1.15' ],
53 silly audit   '@fullcalendar/timegrid': [ '6.1.15' ],
53 silly audit   '@humanfs/core': [ '0.19.1' ],
53 silly audit   '@humanfs/node': [ '0.16.6' ],
53 silly audit   '@humanwhocodes/retry': [ '0.3.1', '0.4.2' ],
53 silly audit   '@humanwhocodes/module-importer': [ '1.0.1' ],
53 silly audit   '@img/sharp-darwin-arm64': [ '0.33.5' ],
53 silly audit   '@img/sharp-darwin-x64': [ '0.33.5' ],
53 silly audit   '@img/sharp-libvips-darwin-arm64': [ '1.0.4' ],
53 silly audit   '@img/sharp-libvips-darwin-x64': [ '1.0.4' ],
53 silly audit   '@img/sharp-libvips-linux-arm': [ '1.0.5' ],
53 silly audit   '@img/sharp-libvips-linux-arm64': [ '1.0.4' ],
53 silly audit   '@img/sharp-libvips-linux-s390x': [ '1.0.4' ],
53 silly audit   '@img/sharp-libvips-linux-x64': [ '1.0.4' ],
53 silly audit   '@img/sharp-libvips-linuxmusl-arm64': [ '1.0.4' ],
53 silly audit   '@img/sharp-libvips-linuxmusl-x64': [ '1.0.4' ],
53 silly audit   '@img/sharp-linux-arm': [ '0.33.5' ],
53 silly audit   '@img/sharp-linux-arm64': [ '0.33.5' ],
53 silly audit   '@img/sharp-linux-s390x': [ '0.33.5' ],
53 silly audit   '@img/sharp-linux-x64': [ '0.33.5' ],
53 silly audit   '@img/sharp-linuxmusl-arm64': [ '0.33.5' ],
53 silly audit   '@img/sharp-linuxmusl-x64': [ '0.33.5' ],
53 silly audit   '@img/sharp-wasm32': [ '0.33.5' ],
53 silly audit   '@img/sharp-win32-ia32': [ '0.33.5' ],
53 silly audit   '@img/sharp-win32-x64': [ '0.33.5' ],
53 silly audit   '@jridgewell/gen-mapping': [ '0.3.8' ],
53 silly audit   '@jridgewell/resolve-uri': [ '3.1.2' ],
53 silly audit   '@jridgewell/set-array': [ '1.2.1' ],
53 silly audit   '@jridgewell/sourcemap-codec': [ '1.5.0' ],
53 silly audit   '@jridgewell/trace-mapping': [ '0.3.25' ],
53 silly audit   '@napi-rs/wasm-runtime': [ '0.2.7' ],
53 silly audit   '@next/env': [ '15.2.3' ],
53 silly audit   '@next/eslint-plugin-next': [ '15.1.3' ],
53 silly audit   '@next/swc-darwin-arm64': [ '15.2.3' ],
53 silly audit   '@next/swc-darwin-x64': [ '15.2.3' ],
53 silly audit   '@next/swc-linux-arm64-gnu': [ '15.2.3' ],
53 silly audit   '@next/swc-linux-arm64-musl': [ '15.2.3' ],
53 silly audit   '@next/swc-linux-x64-gnu': [ '15.2.3' ],
53 silly audit   '@next/swc-linux-x64-musl': [ '15.2.3' ],
53 silly audit   '@next/swc-win32-arm64-msvc': [ '15.2.3' ],
53 silly audit   '@next/swc-win32-x64-msvc': [ '15.2.3' ],
53 silly audit   '@nodelib/fs.scandir': [ '2.1.5' ],
53 silly audit   '@nodelib/fs.stat': [ '2.0.5' ],
53 silly audit   '@nodelib/fs.walk': [ '1.2.8' ],
53 silly audit   '@nolyfill/is-core-module': [ '1.0.39' ],
53 silly audit   '@panva/hkdf': [ '1.2.1' ],
53 silly audit   '@react-dnd/asap': [ '5.0.2' ],
53 silly audit   '@react-dnd/invariant': [ '4.0.2' ],
53 silly audit   '@react-dnd/shallowequal': [ '4.0.2' ],
53 silly audit   '@react-jvectormap/core': [ '1.0.4' ],
53 silly audit   '@react-jvectormap/jquery-mousewheel': [ '1.0.2' ],
53 silly audit   '@react-jvectormap/lib': [ '1.0.3' ],
53 silly audit   '@react-jvectormap/world': [ '1.1.2' ],
53 silly audit   '@reduxjs/toolkit': [ '2.10.1' ],
53 silly audit   redux: [ '5.0.1', '4.2.1' ],
53 silly audit   'redux-thunk': [ '3.1.0' ],
53 silly audit   '@rtsao/scc': [ '1.1.0' ],
53 silly audit   '@rushstack/eslint-patch': [ '1.11.0' ],
53 silly audit   '@standard-schema/spec': [ '1.0.0' ],
53 silly audit   '@standard-schema/utils': [ '0.3.0' ],
53 silly audit   '@svgdotjs/svg.draggable.js': [ '3.0.6' ],
53 silly audit   '@svgdotjs/svg.filter.js': [ '3.0.9' ],
53 silly audit   '@svgdotjs/svg.js': [ '3.2.4' ],
53 silly audit   '@svgdotjs/svg.resize.js': [ '2.0.5' ],
53 silly audit   '@svgdotjs/svg.select.js': [ '4.0.2' ],
53 silly audit   '@svgr/babel-plugin-add-jsx-attribute': [ '8.0.0' ],
53 silly audit   '@svgr/babel-plugin-remove-jsx-attribute': [ '8.0.0' ],
53 silly audit   '@svgr/babel-plugin-remove-jsx-empty-expression': [ '8.0.0' ],
53 silly audit   '@svgr/babel-plugin-replace-jsx-attribute-value': [ '8.0.0' ],
53 silly audit   '@svgr/babel-plugin-svg-dynamic-title': [ '8.0.0' ],
53 silly audit   '@svgr/babel-plugin-svg-em-dimensions': [ '8.0.0' ],
53 silly audit   '@svgr/babel-plugin-transform-react-native-svg': [ '8.1.0' ],
53 silly audit   '@svgr/babel-plugin-transform-svg-component': [ '8.0.0' ],
53 silly audit   '@svgr/babel-preset': [ '8.1.0' ],
53 silly audit   '@svgr/core': [ '8.1.0' ],
53 silly audit   '@svgr/hast-util-to-babel-ast': [ '8.0.0' ],
53 silly audit   '@svgr/plugin-jsx': [ '8.1.0' ],
53 silly audit   '@svgr/plugin-svgo': [ '8.1.0' ],
53 silly audit   '@svgr/webpack': [ '8.1.0' ],
53 silly audit   '@swc/counter': [ '0.1.3' ],
53 silly audit   '@swc/helpers': [ '0.5.15' ],
53 silly audit   '@tailwindcss/forms': [ '0.5.10' ],
53 silly audit   '@tailwindcss/node': [ '4.0.15' ],
53 silly audit   '@tailwindcss/oxide': [ '4.0.15' ],
53 silly audit   '@tailwindcss/oxide-android-arm64': [ '4.0.15' ],
53 silly audit   '@tailwindcss/oxide-darwin-arm64': [ '4.0.15' ],
53 silly audit   '@tailwindcss/oxide-darwin-x64': [ '4.0.15' ],
53 silly audit   '@tailwindcss/oxide-freebsd-x64': [ '4.0.15' ],
53 silly audit   '@tailwindcss/oxide-linux-arm-gnueabihf': [ '4.0.15' ],
53 silly audit   '@tailwindcss/oxide-linux-arm64-gnu': [ '4.0.15' ],
53 silly audit   '@tailwindcss/oxide-linux-arm64-musl': [ '4.0.15' ],
53 silly audit   '@tailwindcss/oxide-linux-x64-gnu': [ '4.0.15' ],
53 silly audit   '@tailwindcss/oxide-linux-x64-musl': [ '4.0.15' ],
53 silly audit   '@tailwindcss/oxide-win32-arm64-msvc': [ '4.0.15' ],
53 silly audit   '@tailwindcss/oxide-win32-x64-msvc': [ '4.0.15' ],
53 silly audit   '@tailwindcss/postcss': [ '4.0.15' ],
53 silly audit   '@trysound/sax': [ '0.2.0' ],
53 silly audit   '@tybys/wasm-util': [ '0.9.0' ],
53 silly audit   '@types/estree': [ '1.0.7' ],
53 silly audit   '@types/json-schema': [ '7.0.15' ],
53 silly audit   '@types/json5': [ '0.0.29' ],
53 silly audit   '@types/node': [ '20.17.27' ],
53 silly audit   '@types/react': [ '19.0.12' ],
53 silly audit   '@types/react-dom': [ '19.0.4' ],
53 silly audit   '@types/react-transition-group': [ '4.4.12' ],
53 silly audit   '@types/stylis': [ '4.2.5' ],
53 silly audit   '@typescript-eslint/eslint-plugin': [ '8.28.0' ],
53 silly audit   '@typescript-eslint/parser': [ '8.28.0' ],
53 silly audit   '@typescript-eslint/scope-manager': [ '8.28.0' ],
53 silly audit   '@typescript-eslint/type-utils': [ '8.28.0' ],
53 silly audit   '@typescript-eslint/types': [ '8.28.0' ],
53 silly audit   '@typescript-eslint/typescript-estree': [ '8.28.0' ],
53 silly audit   'brace-expansion': [ '2.0.1', '1.1.11' ],
53 silly audit   'fast-glob': [ '3.3.3', '3.3.1' ],
53 silly audit   'glob-parent': [ '5.1.2', '6.0.2' ],
53 silly audit   minimatch: [ '9.0.5', '3.1.2' ],
53 silly audit   semver: [ '7.7.1', '6.3.1' ],
53 silly audit   '@typescript-eslint/utils': [ '8.28.0' ],
53 silly audit   '@typescript-eslint/visitor-keys': [ '8.28.0' ],
53 silly audit   '@unrs/rspack-resolver-binding-darwin-arm64': [ '1.2.2' ],
53 silly audit   '@unrs/rspack-resolver-binding-darwin-x64': [ '1.2.2' ],
53 silly audit   '@unrs/rspack-resolver-binding-freebsd-x64': [ '1.2.2' ],
53 silly audit   '@unrs/rspack-resolver-binding-linux-arm-gnueabihf': [ '1.2.2' ],
53 silly audit   '@unrs/rspack-resolver-binding-linux-arm64-gnu': [ '1.2.2' ],
53 silly audit   '@unrs/rspack-resolver-binding-linux-arm64-musl': [ '1.2.2' ],
53 silly audit   '@unrs/rspack-resolver-binding-linux-x64-gnu': [ '1.2.2' ],
53 silly audit   '@unrs/rspack-resolver-binding-linux-x64-musl': [ '1.2.2' ],
53 silly audit   '@unrs/rspack-resolver-binding-wasm32-wasi': [ '1.2.2' ],
53 silly audit   '@unrs/rspack-resolver-binding-win32-arm64-msvc': [ '1.2.2' ],
53 silly audit   '@unrs/rspack-resolver-binding-win32-x64-msvc': [ '1.2.2' ],
53 silly audit   '@yr/monotone-cubic-spline': [ '1.0.3' ],
53 silly audit   acorn: [ '8.14.1' ],
53 silly audit   'acorn-jsx': [ '5.3.2' ],
53 silly audit   ajv: [ '6.12.6' ],
53 silly audit   'ansi-styles': [ '4.3.0' ],
53 silly audit   apexcharts: [ '4.5.0' ],
53 silly audit   argparse: [ '2.0.1' ],
53 silly audit   'aria-query': [ '5.3.2' ],
53 silly audit   'array-buffer-byte-length': [ '1.0.2' ],
53 silly audit   'array-includes': [ '3.1.8' ],
53 silly audit   'array.prototype.findlast': [ '1.2.5' ],
53 silly audit   'array.prototype.findlastindex': [ '1.2.6' ],
53 silly audit   'array.prototype.flat': [ '1.3.3' ],
53 silly audit   'array.prototype.flatmap': [ '1.3.3' ],
53 silly audit   'array.prototype.tosorted': [ '1.1.4' ],
53 silly audit   'arraybuffer.prototype.slice': [ '1.0.4' ],
53 silly audit   'ast-types-flow': [ '0.0.8' ],
53 silly audit   'async-function': [ '1.0.0' ],
53 silly audit   asynckit: [ '0.4.0' ],
53 silly audit   'attr-accept': [ '2.2.5' ],
53 silly audit   autoprefixer: [ '10.4.21' ],
53 silly audit   'available-typed-arrays': [ '1.0.7' ],
53 silly audit   'axe-core': [ '4.10.3' ],
53 silly audit   axios: [ '1.13.2' ],
53 silly audit   'axobject-query': [ '4.1.0' ],
53 silly audit   'babel-plugin-polyfill-corejs2': [ '0.4.13' ],
53 silly audit   'babel-plugin-polyfill-corejs3': [ '0.11.1' ],
53 silly audit   'babel-plugin-polyfill-regenerator': [ '0.6.4' ],
53 silly audit   'balanced-match': [ '1.0.2' ],
53 silly audit   boolbase: [ '1.0.0' ],
53 silly audit   braces: [ '3.0.3' ],
53 silly audit   browserslist: [ '4.24.4' ],
53 silly audit   busboy: [ '1.6.0' ],
53 silly audit   'call-bind': [ '1.0.8' ],
53 silly audit   'call-bind-apply-helpers': [ '1.0.2' ],
53 silly audit   'call-bound': [ '1.0.4' ],
53 silly audit   callsites: [ '3.1.0' ],
53 silly audit   camelcase: [ '6.3.0' ],
53 silly audit   camelize: [ '1.0.1' ],
53 silly audit   'caniuse-lite': [ '1.0.30001707' ],
53 silly audit   chalk: [ '4.1.2' ],
53 silly audit   classnames: [ '2.5.1' ],
53 silly audit   'client-only': [ '0.0.1' ],
53 silly audit   color: [ '4.2.3' ],
53 silly audit   'color-convert': [ '2.0.1' ],
53 silly audit   'color-name': [ '1.1.4' ],
53 silly audit   'color-string': [ '1.9.1' ],
53 silly audit   'combined-stream': [ '1.0.8' ],
53 silly audit   commander: [ '7.2.0' ],
53 silly audit   'concat-map': [ '0.0.1' ],
53 silly audit   'convert-source-map': [ '2.0.0' ],
53 silly audit   cookie: [ '0.7.2' ],
53 silly audit   'core-js-compat': [ '3.41.0' ],
53 silly audit   cosmiconfig: [ '8.3.6' ],
53 silly audit   'cross-spawn': [ '7.0.6' ],
53 silly audit   'css-color-keywords': [ '1.0.0' ],
53 silly audit   'css-select': [ '5.1.0' ],
53 silly audit   'css-to-react-native': [ '3.2.0' ],
53 silly audit   'css-tree': [ '2.3.1', '2.2.1' ],
53 silly audit   'css-what': [ '6.1.0' ],
53 silly audit   csso: [ '5.0.5' ],
53 silly audit   'mdn-data': [ '2.0.28', '2.0.30' ],
53 silly audit   csstype: [ '3.1.3' ],
53 silly audit   'damerau-levenshtein': [ '1.0.8' ],
53 silly audit   'data-view-buffer': [ '1.0.2' ],
53 silly audit   'data-view-byte-length': [ '1.0.2' ],
53 silly audit   'data-view-byte-offset': [ '1.0.1' ],
53 silly audit   debug: [ '4.4.0', '3.2.7' ],
53 silly audit   'deep-is': [ '0.1.4' ],
53 silly audit   deepmerge: [ '4.3.1' ],
53 silly audit   'define-data-property': [ '1.1.4' ],
53 silly audit   'define-properties': [ '1.2.1' ],
53 silly audit   'delayed-stream': [ '1.0.0' ],
53 silly audit   'detect-libc': [ '2.0.3' ],
53 silly audit   'dnd-core': [ '16.0.1' ],
53 silly audit   doctrine: [ '2.1.0' ],
53 silly audit   'dom-serializer': [ '2.0.0' ],
53 silly audit   domelementtype: [ '2.3.0' ],
53 silly audit   domhandler: [ '5.0.3' ],
53 silly audit   domutils: [ '3.2.2' ],
53 silly audit   'dot-case': [ '3.0.4' ],
53 silly audit   'dunder-proto': [ '1.0.1' ],
53 silly audit   'electron-to-chromium': [ '1.5.123' ],
53 silly audit   'emoji-regex': [ '9.2.2' ],
53 silly audit   'enhanced-resolve': [ '5.18.1' ],
53 silly audit   entities: [ '4.5.0' ],
53 silly audit   'error-ex': [ '1.3.2' ],
53 silly audit   'es-abstract': [ '1.23.9' ],
53 silly audit   'es-define-property': [ '1.0.1' ],
53 silly audit   'es-errors': [ '1.3.0' ],
53 silly audit   'es-iterator-helpers': [ '1.2.1' ],
53 silly audit   'es-object-atoms': [ '1.1.1' ],
53 silly audit   'es-set-tostringtag': [ '2.1.0' ],
53 silly audit   'es-shim-unscopables': [ '1.1.0' ],
53 silly audit   'es-to-primitive': [ '1.3.0' ],
53 silly audit   escalade: [ '3.2.0' ],
53 silly audit   'escape-string-regexp': [ '4.0.0' ],
53 silly audit   eslint: [ '9.23.0' ],
53 silly audit   'eslint-config-next': [ '15.1.3' ],
53 silly audit   'eslint-import-resolver-node': [ '0.3.9' ],
53 silly audit   'eslint-import-resolver-typescript': [ '3.9.1' ],
53 silly audit   'eslint-module-utils': [ '2.12.0' ],
53 silly audit   'eslint-plugin-import': [ '2.31.0' ],
53 silly audit   'eslint-plugin-jsx-a11y': [ '6.10.2' ],
53 silly audit   'eslint-plugin-react': [ '7.37.4' ],
53 silly audit   'eslint-plugin-react-hooks': [ '5.2.0' ],
53 silly audit   resolve: [ '2.0.0-next.5', '1.22.10' ],
53 silly audit   'eslint-scope': [ '8.3.0' ],
53 silly audit   espree: [ '10.3.0' ],
53 silly audit   esquery: [ '1.6.0' ],
53 silly audit   esrecurse: [ '4.3.0' ],
53 silly audit   estraverse: [ '5.3.0' ],
53 silly audit   esutils: [ '2.0.3' ],
53 silly audit   'fast-deep-equal': [ '3.1.3' ],
53 silly audit   'fast-json-stable-stringify': [ '2.1.0' ],
53 silly audit   'fast-levenshtein': [ '2.0.6' ],
53 silly audit   fastq: [ '1.19.1' ],
53 silly audit   'file-entry-cache': [ '8.0.0' ],
53 silly audit   'file-selector': [ '2.1.2' ],
53 silly audit   'fill-range': [ '7.1.1' ],
53 silly audit   'find-up': [ '5.0.0' ],
53 silly audit   'flat-cache': [ '4.0.1' ],
53 silly audit   flatpickr: [ '4.6.13' ],
53 silly audit   flatted: [ '3.3.3' ],
53 silly audit   'follow-redirects': [ '1.15.11' ],
53 silly audit   'for-each': [ '0.3.5' ],
53 silly audit   'form-data': [ '4.0.4' ],
53 silly audit   'fraction.js': [ '4.3.7' ],
53 silly audit   'function-bind': [ '1.1.2' ],
53 silly audit   'function.prototype.name': [ '1.1.8' ],
53 silly audit   'functions-have-names': [ '1.2.3' ],
53 silly audit   gensync: [ '1.0.0-beta.2' ],
53 silly audit   'get-intrinsic': [ '1.3.0' ],
53 silly audit   'get-proto': [ '1.0.1' ],
53 silly audit   'get-symbol-description': [ '1.1.0' ],
53 silly audit   'get-tsconfig': [ '4.10.0' ],
53 silly audit   globalthis: [ '1.0.4' ],
53 silly audit   goober: [ '2.1.18' ],
53 silly audit   gopd: [ '1.2.0' ],
53 silly audit   'graceful-fs': [ '4.2.11' ],
53 silly audit   graphemer: [ '1.4.0' ],
53 silly audit   'has-bigints': [ '1.1.0' ],
53 silly audit   'has-flag': [ '4.0.0' ],
53 silly audit   'has-property-descriptors': [ '1.0.2' ],
53 silly audit   'has-proto': [ '1.2.0' ],
53 silly audit   'has-symbols': [ '1.1.0' ],
53 silly audit   'has-tostringtag': [ '1.0.2' ],
53 silly audit   hasown: [ '2.0.2' ],
53 silly audit   'hoist-non-react-statics': [ '3.3.2' ],
53 silly audit   ignore: [ '5.3.2' ],
53 silly audit   immer: [ '10.2.0' ],
53 silly audit   'import-fresh': [ '3.3.1' ],
53 silly audit   imurmurhash: [ '0.1.4' ],
53 silly audit   'internal-slot': [ '1.1.0' ],
53 silly audit   'is-array-buffer': [ '3.0.5' ],
53 silly audit   'is-arrayish': [ '0.2.1', '0.3.2' ],
53 silly audit   'is-async-function': [ '2.1.1' ],
53 silly audit   'is-bigint': [ '1.1.0' ],
53 silly audit   'is-boolean-object': [ '1.2.2' ],
53 silly audit   'is-bun-module': [ '1.3.0' ],
53 silly audit   'is-callable': [ '1.2.7' ],
53 silly audit   'is-core-module': [ '2.16.1' ],
53 silly audit   'is-data-view': [ '1.0.2' ],
53 silly audit   'is-date-object': [ '1.1.0' ],
53 silly audit   'is-extglob': [ '2.1.1' ],
53 silly audit   'is-finalizationregistry': [ '1.1.1' ],
53 silly audit   'is-generator-function': [ '1.1.0' ],
53 silly audit   'is-glob': [ '4.0.3' ],
53 silly audit   'is-map': [ '2.0.3' ],
53 silly audit   'is-number': [ '7.0.0' ],
53 silly audit   'is-number-object': [ '1.1.1' ],
53 silly audit   'is-regex': [ '1.2.1' ],
53 silly audit   'is-set': [ '2.0.3' ],
53 silly audit   'is-shared-array-buffer': [ '1.0.4' ],
53 silly audit   'is-string': [ '1.1.1' ],
53 silly audit   'is-symbol': [ '1.1.1' ],
53 silly audit   'is-typed-array': [ '1.1.15' ],
53 silly audit   'is-weakmap': [ '2.0.2' ],
53 silly audit   'is-weakref': [ '1.1.1' ],
53 silly audit   'is-weakset': [ '2.0.4' ],
53 silly audit   isarray: [ '2.0.5' ],
53 silly audit   isexe: [ '2.0.0' ],
53 silly audit   'iterator.prototype': [ '1.1.5' ],
53 silly audit   jiti: [ '2.4.2' ],
53 silly audit   jose: [ '4.15.9' ],
53 silly audit   jquery: [ '3.7.1' ],
53 silly audit   'js-tokens': [ '4.0.0' ],
53 silly audit   'js-yaml': [ '4.1.0' ],
53 silly audit   jsesc: [ '3.1.0', '3.0.2' ],
53 silly audit   'json-buffer': [ '3.0.1' ],
53 silly audit   'json-parse-even-better-errors': [ '2.3.1' ],
53 silly audit   'json-schema-traverse': [ '0.4.1' ],
53 silly audit   'json-stable-stringify-without-jsonify': [ '1.0.1' ],
53 silly audit   json5: [ '2.2.3', '1.0.2' ],
53 silly audit   'jsx-ast-utils': [ '3.3.5' ],
53 silly audit   keyv: [ '4.5.4' ],
53 silly audit   'language-subtag-registry': [ '0.3.23' ],
53 silly audit   'language-tags': [ '1.0.9' ],
53 silly audit   levn: [ '0.4.1' ],
53 silly audit   lightningcss: [ '1.29.2' ],
53 silly audit   'lightningcss-darwin-arm64': [ '1.29.2' ],
53 silly audit   'lightningcss-darwin-x64': [ '1.29.2' ],
53 silly audit   'lightningcss-freebsd-x64': [ '1.29.2' ],
53 silly audit   'lightningcss-linux-arm-gnueabihf': [ '1.29.2' ],
53 silly audit   'lightningcss-linux-arm64-gnu': [ '1.29.2' ],
53 silly audit   'lightningcss-linux-arm64-musl': [ '1.29.2' ],
53 silly audit   'lightningcss-linux-x64-gnu': [ '1.29.2' ],
53 silly audit   'lightningcss-linux-x64-musl': [ '1.29.2' ],
53 silly audit   'lightningcss-win32-arm64-msvc': [ '1.29.2' ],
53 silly audit   'lightningcss-win32-x64-msvc': [ '1.29.2' ],
53 silly audit   'lines-and-columns': [ '1.2.4' ],
53 silly audit   'locate-path': [ '6.0.0' ],
53 silly audit   'lodash.debounce': [ '4.0.8' ],
53 silly audit   'lodash.merge': [ '4.6.2' ],
53 silly audit   'loose-envify': [ '1.4.0' ],
53 silly audit   'lower-case': [ '2.0.2' ],
53 silly audit   'lru-cache': [ '5.1.1', '6.0.0' ],
53 silly audit   'math-intrinsics': [ '1.1.0' ],
53 silly audit   merge2: [ '1.4.1' ],
53 silly audit   micromatch: [ '4.0.8' ],
53 silly audit   'mime-db': [ '1.52.0' ],
53 silly audit   'mime-types': [ '2.1.35' ],
53 silly audit   'mini-svg-data-uri': [ '1.4.4' ],
53 silly audit   minimist: [ '1.2.8' ],
53 silly audit   ms: [ '2.1.3' ],
53 silly audit   nanoid: [ '3.3.11' ],
53 silly audit   'natural-compare': [ '1.4.0' ],
53 silly audit   next: [ '15.2.3' ],
53 silly audit   'next-auth': [ '4.24.13' ],
53 silly audit   postcss: [ '8.4.31', '8.5.3', '8.4.49' ],
53 silly audit   'no-case': [ '3.0.4' ],
53 silly audit   'node-releases': [ '2.0.19' ],
53 silly audit   'normalize-range': [ '0.1.2' ],
53 silly audit   'nth-check': [ '2.1.1' ],
53 silly audit   oauth: [ '0.9.15' ],
53 silly audit   'object-assign': [ '4.1.1' ],
53 silly audit   'object-hash': [ '2.2.0' ],
53 silly audit   'object-inspect': [ '1.13.4' ],
53 silly audit   'object-keys': [ '1.1.1' ],
53 silly audit   'object.assign': [ '4.1.7' ],
53 silly audit   'object.entries': [ '1.1.9' ],
53 silly audit   'object.fromentries': [ '2.0.8' ],
53 silly audit   'object.groupby': [ '1.0.3' ],
53 silly audit   'object.values': [ '1.2.1' ],
53 silly audit   'oidc-token-hash': [ '5.2.0' ],
53 silly audit   'openid-client': [ '5.7.1' ],
53 silly audit   yallist: [ '4.0.0', '3.1.1' ],
53 silly audit   optionator: [ '0.9.4' ],
53 silly audit   'own-keys': [ '1.0.1' ],
53 silly audit   'p-limit': [ '3.1.0' ],
53 silly audit   'p-locate': [ '5.0.0' ],
53 silly audit   'parent-module': [ '1.0.1' ],
53 silly audit   'parse-json': [ '5.2.0' ],
53 silly audit   'path-exists': [ '4.0.0' ],
53 silly audit   'path-key': [ '3.1.1' ],
53 silly audit   'path-parse': [ '1.0.7' ],
53 silly audit   'path-type': [ '4.0.0' ],
53 silly audit   picocolors: [ '1.1.1' ],
53 silly audit   picomatch: [ '2.3.1', '4.0.2' ],
53 silly audit   'possible-typed-array-names': [ '1.1.0' ],
53 silly audit   'postcss-value-parser': [ '4.2.0' ],
53 silly audit   preact: [ '10.12.1' ],
53 silly audit   'preact-render-to-string': [ '5.2.6' ],
53 silly audit   'prelude-ls': [ '1.2.1' ],
53 silly audit   'pretty-format': [ '3.8.0' ],
53 silly audit   'prop-types': [ '15.8.1' ],
53 silly audit   'proxy-from-env': [ '1.1.0' ],
53 silly audit   punycode: [ '2.3.1' ],
53 silly audit   'queue-microtask': [ '1.2.3' ],
53 silly audit   react: [ '19.0.0' ],
53 silly audit   'react-apexcharts': [ '1.7.0' ],
53 silly audit   'react-dnd': [ '16.0.1' ],
53 silly audit   'react-dnd-html5-backend': [ '16.0.1' ],
53 silly audit   'react-dom': [ '19.0.0' ],
53 silly audit   'react-dropzone': [ '14.3.8' ],
53 silly audit   'react-hot-toast': [ '2.6.0' ],
53 silly audit   'react-icons': [ '5.5.0' ],
53 silly audit   'react-is': [ '16.13.1' ],
53 silly audit   'react-loader-spinner': [ '8.0.0' ],
53 silly audit   'reflect.getprototypeof': [ '1.0.10' ],
53 silly audit   regenerate: [ '1.4.2' ],
53 silly audit   'regenerate-unicode-properties': [ '10.2.0' ],
53 silly audit   'regenerator-runtime': [ '0.14.1' ],
53 silly audit   'regenerator-transform': [ '0.15.2' ],
53 silly audit   'regexp.prototype.flags': [ '1.5.4' ],
53 silly audit   'regexpu-core': [ '6.2.0' ],
53 silly audit   regjsgen: [ '0.8.0' ],
53 silly audit   regjsparser: [ '0.12.0' ],
53 silly audit   reselect: [ '5.1.1' ],
53 silly audit   'resolve-from': [ '4.0.0' ],
53 silly audit   'resolve-pkg-maps': [ '1.0.0' ],
53 silly audit   reusify: [ '1.1.0' ],
53 silly audit   'rspack-resolver': [ '1.2.2' ],
53 silly audit   'run-parallel': [ '1.2.0' ],
53 silly audit   'safe-array-concat': [ '1.1.3' ],
53 silly audit   'safe-push-apply': [ '1.0.0' ],
53 silly audit   'safe-regex-test': [ '1.1.0' ],
53 silly audit   scheduler: [ '0.25.0' ],
53 silly audit   'set-function-length': [ '1.2.2' ],
53 silly audit   'set-function-name': [ '2.0.2' ],
53 silly audit   'set-proto': [ '1.0.0' ],
53 silly audit   shallowequal: [ '1.1.0' ],
53 silly audit   sharp: [ '0.33.5' ],
53 silly audit   'shebang-command': [ '2.0.0' ],
53 silly audit   'shebang-regex': [ '3.0.0' ],
53 silly audit   'side-channel': [ '1.1.0' ],
53 silly audit   'side-channel-list': [ '1.0.0' ],
53 silly audit   'side-channel-map': [ '1.0.1' ],
53 silly audit   'side-channel-weakmap': [ '1.0.2' ],
53 silly audit   'simple-swizzle': [ '0.2.2' ],
53 silly audit   'snake-case': [ '3.0.4' ],
53 silly audit   'source-map-js': [ '1.2.1' ],
53 silly audit   'stable-hash': [ '0.0.5' ],
53 silly audit   streamsearch: [ '1.1.0' ],
53 silly audit   'string.prototype.includes': [ '2.0.1' ],
53 silly audit   'string.prototype.matchall': [ '4.0.12' ],
53 silly audit   'string.prototype.repeat': [ '1.0.0' ],
53 silly audit   'string.prototype.trim': [ '1.2.10' ],
53 silly audit   'string.prototype.trimend': [ '1.0.9' ],
53 silly audit   'string.prototype.trimstart': [ '1.0.8' ],
53 silly audit   'strip-bom': [ '3.0.0' ],
53 silly audit   'strip-json-comments': [ '3.1.1' ],
53 silly audit   'styled-components': [ '6.1.19' ],
53 silly audit   tslib: [ '2.6.2', '2.8.1' ],
53 silly audit   'styled-jsx': [ '5.1.6' ],
53 silly audit   stylis: [ '4.3.2' ],
53 silly audit   'supports-color': [ '7.2.0' ],
53 silly audit   'supports-preserve-symlinks-flag': [ '1.0.0' ],
53 silly audit   'svg-parser': [ '2.0.4' ],
53 silly audit   svgo: [ '3.3.2' ],
53 silly audit   swiper: [ '11.2.6' ],
53 silly audit   'tailwind-merge': [ '2.6.0' ],
53 silly audit   tailwindcss: [ '4.0.15' ],
53 silly audit   tapable: [ '2.2.1' ],
53 silly audit   tinycolor2: [ '1.6.0' ],
53 silly audit   tinyglobby: [ '0.2.12' ],
53 silly audit   fdir: [ '6.4.3' ],
53 silly audit   'to-regex-range': [ '5.0.1' ],
53 silly audit   'ts-api-utils': [ '2.1.0' ],
53 silly audit   'tsconfig-paths': [ '3.15.0' ],
53 silly audit   'type-check': [ '0.4.0' ],
53 silly audit   'typed-array-buffer': [ '1.0.3' ],
53 silly audit   'typed-array-byte-length': [ '1.0.3' ],
53 silly audit   'typed-array-byte-offset': [ '1.0.4' ],
53 silly audit   'typed-array-length': [ '1.0.7' ],
53 silly audit   typescript: [ '5.8.2' ],
53 silly audit   'unbox-primitive': [ '1.1.0' ],
53 silly audit   'undici-types': [ '6.19.8' ],
53 silly audit   'unicode-canonical-property-names-ecmascript': [ '2.0.1' ],
53 silly audit   'unicode-match-property-ecmascript': [ '2.0.0' ],
53 silly audit   'unicode-match-property-value-ecmascript': [ '2.2.0' ],
53 silly audit   'unicode-property-aliases-ecmascript': [ '2.1.0' ],
53 silly audit   'update-browserslist-db': [ '1.1.3' ],
53 silly audit   'uri-js': [ '4.4.1' ],
53 silly audit   uuid: [ '8.3.2' ],
53 silly audit   which: [ '2.0.2' ],
53 silly audit   'which-boxed-primitive': [ '1.1.1' ],
53 silly audit   'which-builtin-type': [ '1.2.1' ],
53 silly audit   'which-collection': [ '1.0.2' ],
53 silly audit   'which-typed-array': [ '1.1.19' ],
53 silly audit   'word-wrap': [ '1.2.5' ],
53 silly audit   'yocto-queue': [ '0.1.0' ],
53 silly audit   'react-redux': [ '9.2.0' ],
53 silly audit   '@types/use-sync-external-store': [ '0.0.6' ],
53 silly audit   'use-sync-external-store': [ '1.6.0' ]
53 silly audit }
54 verbose reify failed optional dependency C:\project\next-goal-dashboard\node_modules\lightningcss-win32-arm64-msvc
55 silly reify mark deleted [
55 silly reify   'C:\\project\\next-goal-dashboard\\node_modules\\lightningcss-win32-arm64-msvc'
55 silly reify ]
56 verbose reify failed optional dependency C:\project\next-goal-dashboard\node_modules\lightningcss-linux-x64-musl
57 silly reify mark deleted [
57 silly reify   'C:\\project\\next-goal-dashboard\\node_modules\\lightningcss-linux-x64-musl'
57 silly reify ]
58 verbose reify failed optional dependency C:\project\next-goal-dashboard\node_modules\lightningcss-linux-x64-gnu
59 silly reify mark deleted [
59 silly reify   'C:\\project\\next-goal-dashboard\\node_modules\\lightningcss-linux-x64-gnu'
59 silly reify ]
60 verbose reify failed optional dependency C:\project\next-goal-dashboard\node_modules\lightningcss-linux-arm64-musl
61 silly reify mark deleted [
61 silly reify   'C:\\project\\next-goal-dashboard\\node_modules\\lightningcss-linux-arm64-musl'
61 silly reify ]
62 verbose reify failed optional dependency C:\project\next-goal-dashboard\node_modules\lightningcss-linux-arm64-gnu
63 silly reify mark deleted [
63 silly reify   'C:\\project\\next-goal-dashboard\\node_modules\\lightningcss-linux-arm64-gnu'
63 silly reify ]
64 verbose reify failed optional dependency C:\project\next-goal-dashboard\node_modules\lightningcss-linux-arm-gnueabihf
65 silly reify mark deleted [
65 silly reify   'C:\\project\\next-goal-dashboard\\node_modules\\lightningcss-linux-arm-gnueabihf'
65 silly reify ]
66 verbose reify failed optional dependency C:\project\next-goal-dashboard\node_modules\lightningcss-freebsd-x64
67 silly reify mark deleted [
67 silly reify   'C:\\project\\next-goal-dashboard\\node_modules\\lightningcss-freebsd-x64'
67 silly reify ]
68 verbose reify failed optional dependency C:\project\next-goal-dashboard\node_modules\lightningcss-darwin-x64
69 silly reify mark deleted [
69 silly reify   'C:\\project\\next-goal-dashboard\\node_modules\\lightningcss-darwin-x64'
69 silly reify ]
70 verbose reify failed optional dependency C:\project\next-goal-dashboard\node_modules\lightningcss-darwin-arm64
71 silly reify mark deleted [
71 silly reify   'C:\\project\\next-goal-dashboard\\node_modules\\lightningcss-darwin-arm64'
71 silly reify ]
72 verbose reify failed optional dependency C:\project\next-goal-dashboard\node_modules\@unrs\rspack-resolver-binding-win32-arm64-msvc
73 silly reify mark deleted [
73 silly reify   'C:\\project\\next-goal-dashboard\\node_modules\\@unrs\\rspack-resolver-binding-win32-arm64-msvc'
73 silly reify ]
74 verbose reify failed optional dependency C:\project\next-goal-dashboard\node_modules\@unrs\rspack-resolver-binding-wasm32-wasi
75 silly reify mark deleted [
75 silly reify   'C:\\project\\next-goal-dashboard\\node_modules\\@unrs\\rspack-resolver-binding-wasm32-wasi'
75 silly reify ]
76 verbose reify failed optional dependency C:\project\next-goal-dashboard\node_modules\@napi-rs\wasm-runtime
77 silly reify mark deleted [
77 silly reify   'C:\\project\\next-goal-dashboard\\node_modules\\@napi-rs\\wasm-runtime'
77 silly reify ]
78 verbose reify failed optional dependency C:\project\next-goal-dashboard\node_modules\@emnapi\core
79 silly reify mark deleted [ 'C:\\project\\next-goal-dashboard\\node_modules\\@emnapi\\core' ]
80 verbose reify failed optional dependency C:\project\next-goal-dashboard\node_modules\@tybys\wasm-util
81 silly reify mark deleted [ 'C:\\project\\next-goal-dashboard\\node_modules\\@tybys\\wasm-util' ]
82 verbose reify failed optional dependency C:\project\next-goal-dashboard\node_modules\@emnapi\wasi-threads
83 silly reify mark deleted [
83 silly reify   'C:\\project\\next-goal-dashboard\\node_modules\\@emnapi\\wasi-threads'
83 silly reify ]
84 verbose reify failed optional dependency C:\project\next-goal-dashboard\node_modules\@unrs\rspack-resolver-binding-linux-x64-musl
85 silly reify mark deleted [
85 silly reify   'C:\\project\\next-goal-dashboard\\node_modules\\@unrs\\rspack-resolver-binding-linux-x64-musl'
85 silly reify ]
86 verbose reify failed optional dependency C:\project\next-goal-dashboard\node_modules\@unrs\rspack-resolver-binding-linux-x64-gnu
87 silly reify mark deleted [
87 silly reify   'C:\\project\\next-goal-dashboard\\node_modules\\@unrs\\rspack-resolver-binding-linux-x64-gnu'
87 silly reify ]
88 verbose reify failed optional dependency C:\project\next-goal-dashboard\node_modules\@unrs\rspack-resolver-binding-linux-arm64-musl
89 silly reify mark deleted [
89 silly reify   'C:\\project\\next-goal-dashboard\\node_modules\\@unrs\\rspack-resolver-binding-linux-arm64-musl'
89 silly reify ]
90 verbose reify failed optional dependency C:\project\next-goal-dashboard\node_modules\@unrs\rspack-resolver-binding-linux-arm64-gnu
91 silly reify mark deleted [
91 silly reify   'C:\\project\\next-goal-dashboard\\node_modules\\@unrs\\rspack-resolver-binding-linux-arm64-gnu'
91 silly reify ]
92 verbose reify failed optional dependency C:\project\next-goal-dashboard\node_modules\@unrs\rspack-resolver-binding-linux-arm-gnueabihf
93 silly reify mark deleted [
93 silly reify   'C:\\project\\next-goal-dashboard\\node_modules\\@unrs\\rspack-resolver-binding-linux-arm-gnueabihf'
93 silly reify ]
94 verbose reify failed optional dependency C:\project\next-goal-dashboard\node_modules\@unrs\rspack-resolver-binding-freebsd-x64
95 silly reify mark deleted [
95 silly reify   'C:\\project\\next-goal-dashboard\\node_modules\\@unrs\\rspack-resolver-binding-freebsd-x64'
95 silly reify ]
96 verbose reify failed optional dependency C:\project\next-goal-dashboard\node_modules\@unrs\rspack-resolver-binding-darwin-x64
97 silly reify mark deleted [
97 silly reify   'C:\\project\\next-goal-dashboard\\node_modules\\@unrs\\rspack-resolver-binding-darwin-x64'
97 silly reify ]
98 verbose reify failed optional dependency C:\project\next-goal-dashboard\node_modules\@unrs\rspack-resolver-binding-darwin-arm64
99 silly reify mark deleted [
99 silly reify   'C:\\project\\next-goal-dashboard\\node_modules\\@unrs\\rspack-resolver-binding-darwin-arm64'
99 silly reify ]
100 verbose reify failed optional dependency C:\project\next-goal-dashboard\node_modules\@tailwindcss\oxide-win32-arm64-msvc
101 silly reify mark deleted [
101 silly reify   'C:\\project\\next-goal-dashboard\\node_modules\\@tailwindcss\\oxide-win32-arm64-msvc'
101 silly reify ]
102 verbose reify failed optional dependency C:\project\next-goal-dashboard\node_modules\@tailwindcss\oxide-linux-x64-musl
103 silly reify mark deleted [
103 silly reify   'C:\\project\\next-goal-dashboard\\node_modules\\@tailwindcss\\oxide-linux-x64-musl'
103 silly reify ]
104 verbose reify failed optional dependency C:\project\next-goal-dashboard\node_modules\@tailwindcss\oxide-linux-x64-gnu
105 silly reify mark deleted [
105 silly reify   'C:\\project\\next-goal-dashboard\\node_modules\\@tailwindcss\\oxide-linux-x64-gnu'
105 silly reify ]
106 verbose reify failed optional dependency C:\project\next-goal-dashboard\node_modules\@tailwindcss\oxide-linux-arm64-musl
107 silly reify mark deleted [
107 silly reify   'C:\\project\\next-goal-dashboard\\node_modules\\@tailwindcss\\oxide-linux-arm64-musl'
107 silly reify ]
108 verbose reify failed optional dependency C:\project\next-goal-dashboard\node_modules\@tailwindcss\oxide-linux-arm64-gnu
109 silly reify mark deleted [
109 silly reify   'C:\\project\\next-goal-dashboard\\node_modules\\@tailwindcss\\oxide-linux-arm64-gnu'
109 silly reify ]
110 verbose reify failed optional dependency C:\project\next-goal-dashboard\node_modules\@tailwindcss\oxide-linux-arm-gnueabihf
111 silly reify mark deleted [
111 silly reify   'C:\\project\\next-goal-dashboard\\node_modules\\@tailwindcss\\oxide-linux-arm-gnueabihf'
111 silly reify ]
112 verbose reify failed optional dependency C:\project\next-goal-dashboard\node_modules\@tailwindcss\oxide-freebsd-x64
113 silly reify mark deleted [
113 silly reify   'C:\\project\\next-goal-dashboard\\node_modules\\@tailwindcss\\oxide-freebsd-x64'
113 silly reify ]
114 verbose reify failed optional dependency C:\project\next-goal-dashboard\node_modules\@tailwindcss\oxide-darwin-x64
115 silly reify mark deleted [
115 silly reify   'C:\\project\\next-goal-dashboard\\node_modules\\@tailwindcss\\oxide-darwin-x64'
115 silly reify ]
116 verbose reify failed optional dependency C:\project\next-goal-dashboard\node_modules\@tailwindcss\oxide-darwin-arm64
117 silly reify mark deleted [
117 silly reify   'C:\\project\\next-goal-dashboard\\node_modules\\@tailwindcss\\oxide-darwin-arm64'
117 silly reify ]
118 verbose reify failed optional dependency C:\project\next-goal-dashboard\node_modules\@tailwindcss\oxide-android-arm64
119 silly reify mark deleted [
119 silly reify   'C:\\project\\next-goal-dashboard\\node_modules\\@tailwindcss\\oxide-android-arm64'
119 silly reify ]
120 verbose reify failed optional dependency C:\project\next-goal-dashboard\node_modules\@next\swc-win32-arm64-msvc
121 silly reify mark deleted [
121 silly reify   'C:\\project\\next-goal-dashboard\\node_modules\\@next\\swc-win32-arm64-msvc'
121 silly reify ]
122 verbose reify failed optional dependency C:\project\next-goal-dashboard\node_modules\@next\swc-linux-x64-musl
123 silly reify mark deleted [
123 silly reify   'C:\\project\\next-goal-dashboard\\node_modules\\@next\\swc-linux-x64-musl'
123 silly reify ]
124 verbose reify failed optional dependency C:\project\next-goal-dashboard\node_modules\@next\swc-linux-x64-gnu
125 silly reify mark deleted [
125 silly reify   'C:\\project\\next-goal-dashboard\\node_modules\\@next\\swc-linux-x64-gnu'
125 silly reify ]
126 verbose reify failed optional dependency C:\project\next-goal-dashboard\node_modules\@next\swc-linux-arm64-musl
127 silly reify mark deleted [
127 silly reify   'C:\\project\\next-goal-dashboard\\node_modules\\@next\\swc-linux-arm64-musl'
127 silly reify ]
128 verbose reify failed optional dependency C:\project\next-goal-dashboard\node_modules\@next\swc-linux-arm64-gnu
129 silly reify mark deleted [
129 silly reify   'C:\\project\\next-goal-dashboard\\node_modules\\@next\\swc-linux-arm64-gnu'
129 silly reify ]
130 verbose reify failed optional dependency C:\project\next-goal-dashboard\node_modules\@next\swc-darwin-x64
131 silly reify mark deleted [
131 silly reify   'C:\\project\\next-goal-dashboard\\node_modules\\@next\\swc-darwin-x64'
131 silly reify ]
132 verbose reify failed optional dependency C:\project\next-goal-dashboard\node_modules\@next\swc-darwin-arm64
133 silly reify mark deleted [
133 silly reify   'C:\\project\\next-goal-dashboard\\node_modules\\@next\\swc-darwin-arm64'
133 silly reify ]
134 verbose reify failed optional dependency C:\project\next-goal-dashboard\node_modules\@img\sharp-win32-ia32
135 silly reify mark deleted [
135 silly reify   'C:\\project\\next-goal-dashboard\\node_modules\\@img\\sharp-win32-ia32'
135 silly reify ]
136 verbose reify failed optional dependency C:\project\next-goal-dashboard\node_modules\@img\sharp-wasm32
137 silly reify mark deleted [
137 silly reify   'C:\\project\\next-goal-dashboard\\node_modules\\@img\\sharp-wasm32'
137 silly reify ]
138 verbose reify failed optional dependency C:\project\next-goal-dashboard\node_modules\@img\sharp-linuxmusl-x64
139 silly reify mark deleted [
139 silly reify   'C:\\project\\next-goal-dashboard\\node_modules\\@img\\sharp-linuxmusl-x64'
139 silly reify ]
140 verbose reify failed optional dependency C:\project\next-goal-dashboard\node_modules\@img\sharp-linuxmusl-arm64
141 silly reify mark deleted [
141 silly reify   'C:\\project\\next-goal-dashboard\\node_modules\\@img\\sharp-linuxmusl-arm64'
141 silly reify ]
142 verbose reify failed optional dependency C:\project\next-goal-dashboard\node_modules\@img\sharp-linux-x64
143 silly reify mark deleted [
143 silly reify   'C:\\project\\next-goal-dashboard\\node_modules\\@img\\sharp-linux-x64'
143 silly reify ]
144 verbose reify failed optional dependency C:\project\next-goal-dashboard\node_modules\@img\sharp-linux-s390x
145 silly reify mark deleted [
145 silly reify   'C:\\project\\next-goal-dashboard\\node_modules\\@img\\sharp-linux-s390x'
145 silly reify ]
146 verbose reify failed optional dependency C:\project\next-goal-dashboard\node_modules\@img\sharp-linux-arm64
147 silly reify mark deleted [
147 silly reify   'C:\\project\\next-goal-dashboard\\node_modules\\@img\\sharp-linux-arm64'
147 silly reify ]
148 verbose reify failed optional dependency C:\project\next-goal-dashboard\node_modules\@img\sharp-linux-arm
149 silly reify mark deleted [
149 silly reify   'C:\\project\\next-goal-dashboard\\node_modules\\@img\\sharp-linux-arm'
149 silly reify ]
150 verbose reify failed optional dependency C:\project\next-goal-dashboard\node_modules\@img\sharp-libvips-linuxmusl-x64
151 silly reify mark deleted [
151 silly reify   'C:\\project\\next-goal-dashboard\\node_modules\\@img\\sharp-libvips-linuxmusl-x64'
151 silly reify ]
152 verbose reify failed optional dependency C:\project\next-goal-dashboard\node_modules\@img\sharp-libvips-linuxmusl-arm64
153 silly reify mark deleted [
153 silly reify   'C:\\project\\next-goal-dashboard\\node_modules\\@img\\sharp-libvips-linuxmusl-arm64'
153 silly reify ]
154 verbose reify failed optional dependency C:\project\next-goal-dashboard\node_modules\@img\sharp-libvips-linux-x64
155 silly reify mark deleted [
155 silly reify   'C:\\project\\next-goal-dashboard\\node_modules\\@img\\sharp-libvips-linux-x64'
155 silly reify ]
156 verbose reify failed optional dependency C:\project\next-goal-dashboard\node_modules\@img\sharp-libvips-linux-s390x
157 silly reify mark deleted [
157 silly reify   'C:\\project\\next-goal-dashboard\\node_modules\\@img\\sharp-libvips-linux-s390x'
157 silly reify ]
158 verbose reify failed optional dependency C:\project\next-goal-dashboard\node_modules\@img\sharp-libvips-linux-arm64
159 silly reify mark deleted [
159 silly reify   'C:\\project\\next-goal-dashboard\\node_modules\\@img\\sharp-libvips-linux-arm64'
159 silly reify ]
160 verbose reify failed optional dependency C:\project\next-goal-dashboard\node_modules\@img\sharp-libvips-linux-arm
161 silly reify mark deleted [
161 silly reify   'C:\\project\\next-goal-dashboard\\node_modules\\@img\\sharp-libvips-linux-arm'
161 silly reify ]
162 verbose reify failed optional dependency C:\project\next-goal-dashboard\node_modules\@img\sharp-libvips-darwin-x64
163 silly reify mark deleted [
163 silly reify   'C:\\project\\next-goal-dashboard\\node_modules\\@img\\sharp-libvips-darwin-x64'
163 silly reify ]
164 verbose reify failed optional dependency C:\project\next-goal-dashboard\node_modules\@img\sharp-libvips-darwin-arm64
165 silly reify mark deleted [
165 silly reify   'C:\\project\\next-goal-dashboard\\node_modules\\@img\\sharp-libvips-darwin-arm64'
165 silly reify ]
166 verbose reify failed optional dependency C:\project\next-goal-dashboard\node_modules\@img\sharp-darwin-x64
167 silly reify mark deleted [
167 silly reify   'C:\\project\\next-goal-dashboard\\node_modules\\@img\\sharp-darwin-x64'
167 silly reify ]
168 verbose reify failed optional dependency C:\project\next-goal-dashboard\node_modules\@img\sharp-darwin-arm64
169 silly reify mark deleted [
169 silly reify   'C:\\project\\next-goal-dashboard\\node_modules\\@img\\sharp-darwin-arm64'
169 silly reify ]
170 http cache @types/use-sync-external-store@https://registry.npmjs.org/@types/use-sync-external-store/-/use-sync-external-store-0.0.6.tgz 0ms (cache hit)
171 http cache use-sync-external-store@https://registry.npmjs.org/use-sync-external-store/-/use-sync-external-store-1.6.0.tgz 0ms (cache hit)
172 http cache react-redux@https://registry.npmjs.org/react-redux/-/react-redux-9.2.0.tgz 0ms (cache hit)
173 http cache @napi-rs/wasm-runtime@https://registry.npmjs.org/@napi-rs/wasm-runtime/-/wasm-runtime-0.2.7.tgz 0ms (cache hit)
174 http cache redux@https://registry.npmjs.org/redux/-/redux-5.0.1.tgz 0ms (cache hit)
175 http cache @tybys/wasm-util@https://registry.npmjs.org/@tybys/wasm-util/-/wasm-util-0.9.0.tgz 0ms (cache hit)
176 silly tarball no local data for @types/use-sync-external-store@https://registry.npmjs.org/@types/use-sync-external-store/-/use-sync-external-store-0.0.6.tgz. Extracting by manifest.
177 http cache @emnapi/wasi-threads@https://registry.npmjs.org/@emnapi/wasi-threads/-/wasi-threads-1.0.1.tgz 0ms (cache hit)
178 http cache @emnapi/core@https://registry.npmjs.org/@emnapi/core/-/core-1.3.1.tgz 0ms (cache hit)
179 silly tarball no local data for use-sync-external-store@https://registry.npmjs.org/use-sync-external-store/-/use-sync-external-store-1.6.0.tgz. Extracting by manifest.
180 silly tarball no local data for react-redux@https://registry.npmjs.org/react-redux/-/react-redux-9.2.0.tgz. Extracting by manifest.
181 http cache redux@https://registry.npmjs.org/redux/-/redux-4.2.1.tgz 0ms (cache hit)
182 silly tarball no local data for redux@https://registry.npmjs.org/redux/-/redux-4.2.1.tgz. Extracting by manifest.
183 http fetch GET 200 https://registry.npmjs.org/@types/use-sync-external-store/-/use-sync-external-store-0.0.6.tgz 91ms (cache miss)
184 http fetch GET 200 https://registry.npmjs.org/use-sync-external-store/-/use-sync-external-store-1.6.0.tgz 100ms (cache miss)
185 http fetch GET 200 https://registry.npmjs.org/redux/-/redux-4.2.1.tgz 111ms (cache miss)
186 http fetch GET 200 https://registry.npmjs.org/react-redux/-/react-redux-9.2.0.tgz 156ms (cache miss)
187 http fetch POST 200 https://registry.npmjs.org/-/npm/v1/security/advisories/bulk 415ms
188 silly audit report {
188 silly audit report   '@eslint/plugin-kit': [
188 silly audit report     {
188 silly audit report       id: 1106734,
188 silly audit report       url: 'https://github.com/advisories/GHSA-xffm-g5w8-qvg7',
188 silly audit report       title: '@eslint/plugin-kit is vulnerable to Regular Expression Denial of Service attacks through ConfigCommentParser',
188 silly audit report       severity: 'low',
188 silly audit report       vulnerable_versions: '<0.3.4',
188 silly audit report       cwe: [Array],
188 silly audit report       cvss: [Object]
188 silly audit report     }
188 silly audit report   ],
188 silly audit report   'brace-expansion': [
188 silly audit report     {
188 silly audit report       id: 1105443,
188 silly audit report       url: 'https://github.com/advisories/GHSA-v6h2-p8h4-qcjw',
188 silly audit report       title: 'brace-expansion Regular Expression Denial of Service vulnerability',
188 silly audit report       severity: 'low',
188 silly audit report       vulnerable_versions: '>=1.0.0 <=1.1.11',
188 silly audit report       cwe: [Array],
188 silly audit report       cvss: [Object]
188 silly audit report     },
188 silly audit report     {
188 silly audit report       id: 1105444,
188 silly audit report       url: 'https://github.com/advisories/GHSA-v6h2-p8h4-qcjw',
188 silly audit report       title: 'brace-expansion Regular Expression Denial of Service vulnerability',
188 silly audit report       severity: 'low',
188 silly audit report       vulnerable_versions: '>=2.0.0 <=2.0.1',
188 silly audit report       cwe: [Array],
188 silly audit report       cvss: [Object]
188 silly audit report     }
188 silly audit report   ],
188 silly audit report   'js-yaml': [
188 silly audit report     {
188 silly audit report       id: 1109802,
188 silly audit report       url: 'https://github.com/advisories/GHSA-mh29-5h37-fv8m',
188 silly audit report       title: 'js-yaml has prototype pollution in merge (<<)',
188 silly audit report       severity: 'moderate',
188 silly audit report       vulnerable_versions: '>=4.0.0 <4.1.1',
188 silly audit report       cwe: [Array],
188 silly audit report       cvss: [Object]
188 silly audit report     }
188 silly audit report   ],
188 silly audit report   next: [
188 silly audit report     {
188 silly audit report       id: 1107228,
188 silly audit report       url: 'https://github.com/advisories/GHSA-g5qg-72qw-gw5v',
188 silly audit report       title: 'Next.js Affected by Cache Key Confusion for Image Optimization API Routes',
188 silly audit report       severity: 'moderate',
188 silly audit report       vulnerable_versions: '>=15.0.0 <=15.4.4',
188 silly audit report       cwe: [Array],
188 silly audit report       cvss: [Object]
188 silly audit report     },
188 silly audit report     {
188 silly audit report       id: 1107514,
188 silly audit report       url: 'https://github.com/advisories/GHSA-xv57-4mr9-wg8v',
188 silly audit report       title: 'Next.js Content Injection Vulnerability for Image Optimization',
188 silly audit report       severity: 'moderate',
188 silly audit report       vulnerable_versions: '>=15.0.0 <=15.4.4',
188 silly audit report       cwe: [Array],
188 silly audit report       cvss: [Object]
188 silly audit report     },
188 silly audit report     {
188 silly audit report       id: 1107515,
188 silly audit report       url: 'https://github.com/advisories/GHSA-4342-x723-ch2f',
188 silly audit report       title: 'Next.js Improper Middleware Redirect Handling Leads to SSRF',
188 silly audit report       severity: 'moderate',
188 silly audit report       vulnerable_versions: '>=15.0.0-canary.0 <15.4.7',
188 silly audit report       cwe: [Array],
188 silly audit report       cvss: [Object]
188 silly audit report     },
188 silly audit report     {
188 silly audit report       id: 1108940,
188 silly audit report       url: 'https://github.com/advisories/GHSA-223j-4rm8-mrmf',
188 silly audit report       title: 'Next.js may leak x-middleware-subrequest-id to external hosts',
188 silly audit report       severity: 'low',
188 silly audit report       vulnerable_versions: '=15.2.3',
188 silly audit report       cwe: [Array],
188 silly audit report       cvss: [Object]
188 silly audit report     }
188 silly audit report   ]
188 silly audit report }
189 silly packumentCache corgi:https://registry.npmjs.org/@eslint%2fplugin-kit cache-miss
190 silly packumentCache corgi:https://registry.npmjs.org/brace-expansion cache-miss
191 silly packumentCache corgi:https://registry.npmjs.org/js-yaml cache-miss
192 silly packumentCache corgi:https://registry.npmjs.org/next cache-miss
193 http cache https://registry.npmjs.org/@eslint%2fplugin-kit 10ms (cache hit)
194 silly packumentCache corgi:https://registry.npmjs.org/@eslint%2fplugin-kit set size:16468 disposed:false
195 http cache https://registry.npmjs.org/js-yaml 10ms (cache hit)
196 silly packumentCache corgi:https://registry.npmjs.org/js-yaml set size:58533 disposed:false
197 http cache https://registry.npmjs.org/brace-expansion 11ms (cache hit)
198 silly packumentCache corgi:https://registry.npmjs.org/brace-expansion set size:16192 disposed:false
199 http cache https://registry.npmjs.org/next 44ms (cache hit)
200 silly packumentCache corgi:https://registry.npmjs.org/next set size:22508680 disposed:false
201 silly packumentCache corgi:https://registry.npmjs.org/eslint cache-miss
202 http cache https://registry.npmjs.org/eslint 7ms (cache hit)
203 silly packumentCache corgi:https://registry.npmjs.org/eslint set size:1105100 disposed:false
204 silly packumentCache corgi:https://registry.npmjs.org/minimatch cache-miss
205 http cache https://registry.npmjs.org/minimatch 4ms (cache hit)
206 silly packumentCache corgi:https://registry.npmjs.org/minimatch set size:145311 disposed:false
207 silly packumentCache corgi:https://registry.npmjs.org/@eslint%2feslintrc cache-miss
208 silly packumentCache corgi:https://registry.npmjs.org/cosmiconfig cache-miss
209 http cache https://registry.npmjs.org/cosmiconfig 5ms (cache hit)
210 silly packumentCache corgi:https://registry.npmjs.org/cosmiconfig set size:81973 disposed:false
211 http cache https://registry.npmjs.org/@eslint%2feslintrc 6ms (cache hit)
212 silly packumentCache corgi:https://registry.npmjs.org/@eslint%2feslintrc set size:79527 disposed:false
213 silly packumentCache corgi:https://registry.npmjs.org/next-auth cache-miss
214 http cache https://registry.npmjs.org/next-auth 27ms (cache hit)
215 silly packumentCache corgi:https://registry.npmjs.org/next-auth set size:1811103 disposed:false
216 silly packumentCache corgi:https://registry.npmjs.org/@eslint-community%2feslint-utils cache-miss
217 silly packumentCache corgi:https://registry.npmjs.org/@typescript-eslint%2feslint-plugin cache-miss
218 silly packumentCache corgi:https://registry.npmjs.org/@typescript-eslint%2fparser cache-miss
219 silly packumentCache corgi:https://registry.npmjs.org/@typescript-eslint%2ftype-utils cache-miss
220 silly packumentCache corgi:https://registry.npmjs.org/@typescript-eslint%2futils cache-miss
221 silly packumentCache corgi:https://registry.npmjs.org/eslint-config-next cache-miss
222 silly packumentCache corgi:https://registry.npmjs.org/eslint-import-resolver-typescript cache-miss
223 silly packumentCache corgi:https://registry.npmjs.org/eslint-plugin-import cache-miss
224 silly packumentCache corgi:https://registry.npmjs.org/eslint-plugin-jsx-a11y cache-miss
225 silly packumentCache corgi:https://registry.npmjs.org/eslint-plugin-react cache-miss
226 silly packumentCache corgi:https://registry.npmjs.org/eslint-plugin-react-hooks cache-miss
227 http cache https://registry.npmjs.org/eslint-plugin-import 20ms (cache hit)
228 silly packumentCache corgi:https://registry.npmjs.org/eslint-plugin-import set size:238396 disposed:false
229 http cache https://registry.npmjs.org/eslint-plugin-jsx-a11y 25ms (cache hit)
230 silly packumentCache corgi:https://registry.npmjs.org/eslint-plugin-jsx-a11y set size:108835 disposed:false
231 http cache https://registry.npmjs.org/eslint-config-next 35ms (cache hit)
232 silly packumentCache corgi:https://registry.npmjs.org/eslint-config-next set size:3474701 disposed:false
233 http cache https://registry.npmjs.org/@eslint-community%2feslint-utils 67ms (cache hit)
234 silly packumentCache corgi:https://registry.npmjs.org/@eslint-community%2feslint-utils set size:39826 disposed:false
235 http cache https://registry.npmjs.org/@typescript-eslint%2ftype-utils 78ms (cache hit)
236 silly packumentCache corgi:https://registry.npmjs.org/@typescript-eslint%2ftype-utils set size:4335882 disposed:false
237 http cache https://registry.npmjs.org/eslint-plugin-react-hooks 114ms (cache hit)
238 silly packumentCache corgi:https://registry.npmjs.org/eslint-plugin-react-hooks set size:3875730 disposed:false
239 http cache https://registry.npmjs.org/@typescript-eslint%2feslint-plugin 147ms (cache hit)
240 silly packumentCache corgi:https://registry.npmjs.org/@typescript-eslint%2feslint-plugin set size:9107749 disposed:false
241 http cache https://registry.npmjs.org/@typescript-eslint%2fparser 225ms (cache hit)
242 silly packumentCache corgi:https://registry.npmjs.org/@typescript-eslint%2fparser set size:7726193 disposed:false
243 http cache https://registry.npmjs.org/@typescript-eslint%2futils 296ms (cache hit)
244 silly packumentCache corgi:https://registry.npmjs.org/@typescript-eslint%2futils set size:4356241 disposed:false
245 http cache https://registry.npmjs.org/eslint-import-resolver-typescript 326ms (cache hit)
246 silly packumentCache corgi:https://registry.npmjs.org/eslint-import-resolver-typescript set size:138502 disposed:false
247 http cache https://registry.npmjs.org/eslint-plugin-react 329ms (cache hit)
248 silly packumentCache corgi:https://registry.npmjs.org/eslint-plugin-react set size:309843 disposed:false
249 silly ADD node_modules/use-sync-external-store
250 silly ADD node_modules/@types/use-sync-external-store
251 silly ADD node_modules/react-redux
252 silly ADD
253 silly ADD
254 silly ADD
255 silly ADD
256 silly ADD
257 silly ADD
258 silly ADD
259 silly ADD
260 silly ADD
261 silly ADD
262 silly ADD
263 silly ADD
264 silly ADD
265 silly ADD
266 silly ADD
267 silly ADD
268 silly ADD
269 silly ADD
270 silly ADD
271 silly ADD
272 silly ADD
273 silly ADD
274 silly ADD
275 silly ADD
276 silly ADD
277 silly ADD
278 silly ADD
279 silly ADD
280 silly ADD
281 silly ADD
282 silly ADD
283 silly ADD
284 silly ADD
285 silly ADD
286 silly ADD
287 silly ADD
288 silly ADD
289 silly ADD
290 silly ADD
291 silly ADD
292 silly ADD
293 silly ADD
294 silly ADD
295 silly ADD
296 silly ADD
297 silly ADD
298 silly ADD
299 silly ADD
300 silly ADD
301 silly ADD
302 silly ADD
303 silly ADD
304 silly ADD
305 silly ADD
306 silly ADD
307 silly ADD
308 silly ADD
309 silly ADD
310 silly CHANGE node_modules/redux
311 silly ADD node_modules/dnd-core/node_modules/redux
312 silly REMOVE node_modules/@reduxjs/toolkit/node_modules/redux
313 verbose cwd C:\project\next-goal-dashboard
314 verbose os Windows_NT 10.0.26100
315 verbose node v22.15.1
316 verbose npm  v10.9.2
317 verbose exit 0
318 info ok
